// Jest Snapshot v1, https://goo.gl/fbAQLP

exports[`should render edit expense page correctly 1`] = `
<div>
  <ExpenseForm
    expense={
      Object {
        "amount": 10020,
        "createdAt": -259200000,
        "description": "water",
        "id": "3",
        "note": "chewy",
      }
    }
    onSubmit={[Function]}
  />
  <button
    onClick={[Function]}
  >
    remove
  </button>
</div>
`;
